<?xml version="1.0" encoding="UTF-8"?><testsuite name="nosetests" tests="13" errors="0" failures="0" skip="0"><testcase classname="networkapi.api_pools.tests.v3.test_pool_deploy.PoolDeployTestV3" name="test_deploy_pool_with_three_reals_and_least_conn_balancing" time="7.842"></testcase><testcase classname="networkapi.api_pools.tests.v3.test_pool_deploy.PoolDeployTestV3" name="test_deploy_pool_with_three_reals_and_weighted_balancing" time="7.935"></testcase><testcase classname="networkapi.api_pools.tests.v3.test_pool_deploy.PoolDeployTestV3" name="test_deploy_pool_with_two_reals_and_HTTP_protocol" time="10.251"></testcase><testcase classname="networkapi.api_pools.tests.v3.test_pool_deploy.PoolDeployTestV3" name="test_deploy_pool_with_two_reals_and_https_protocol" time="10.378"></testcase><testcase classname="networkapi.api_pools.tests.v3.test_pool_deploy.PoolDeployTestV3" name="test_deploy_pool_with_two_reals_and_tcp_protocol" time="8.746"></testcase><testcase classname="networkapi.api_pools.tests.v3.test_pool_deploy.PoolDeployTestV3" name="test_deploy_pool_with_two_reals_and_udp_protocol" time="8.277"></testcase><testcase classname="networkapi.api_pools.tests.v3.test_pool_deploy.PoolDeployTestV3" name="test_deploy_pool_without_reals" time="7.803"></testcase><testcase classname="networkapi.api_pools.tests.v3.test_pool_deploy.PoolDeployTestV3" name="test_undeploy_pool_with_reals" time="8.458"></testcase><testcase classname="networkapi.api_pools.tests.v3.test_pool_deploy.PoolDeployTestV3" name="test_undeploy_pool_without_reals" time="7.946"></testcase><testcase classname="networkapi.api_pools.tests.v3.test_pool_deploy.PoolDeployTestV3" name="test_update_deployed_pool_removing_half_of_reals" time="8.092"><system-out><![CDATA[Size of delta 1.802% size of original (original: 111 chars, delta: 2 chars)
]]></system-out></testcase><testcase classname="networkapi.api_pools.tests.v3.test_pool_deploy.PoolDeployTestV3" name="test_update_deployed_pool_removing_half_of_reals_and_adding_another" time="8.146"><system-out><![CDATA[Size of delta 1.802% size of original (original: 111 chars, delta: 2 chars)
]]></system-out></testcase><testcase classname="networkapi.api_pools.tests.v3.test_pool_deploy.PoolDeployTestV3" name="test_update_deployed_pool_with_reals_removing_them" time="8.687"><system-out><![CDATA[Size of delta 1.802% size of original (original: 111 chars, delta: 2 chars)
]]></system-out></testcase><testcase classname="networkapi.api_pools.tests.v3.test_pool_deploy.PoolDeployTestV3" name="test_update_deployed_pool_without_reals" time="8.104"><system-out><![CDATA[Size of delta 1.786% size of original (original: 112 chars, delta: 2 chars)
]]></system-out></testcase></testsuite>